> Task :app:preBuild UP-TO-DATE
> Task :app:preDebugBuild UP-TO-DATE
> Task :app:mergeDebugNativeDebugMetadata NO-SOURCE
> Task :app:checkDebugAarMetadata UP-TO-DATE
> Task :app:generateDebugResValues UP-TO-DATE
> Task :app:mapDebugSourceSetPaths UP-TO-DATE
> Task :app:generateDebugResources UP-TO-DATE
> Task :app:mergeDebugResources UP-TO-DATE
> Task :app:packageDebugResources UP-TO-DATE
> Task :app:parseDebugLocalResources UP-TO-DATE
> Task :app:createDebugCompatibleScreenManifests UP-TO-DATE
> Task :app:extractDeepLinksDebug UP-TO-DATE
> Task :app:processDebugMainManifest
> Task :app:processDebugManifest
> Task :app:javaPreCompileDebug UP-TO-DATE
> Task :app:mergeDebugShaders UP-TO-DATE
> Task :app:compileDebugShaders NO-SOURCE
> Task :app:generateDebugAssets UP-TO-DATE
> Task :app:mergeDebugAssets UP-TO-DATE
> Task :app:compressDebugAssets UP-TO-DATE
> Task :app:checkDebugDuplicateClasses UP-TO-DATE
> Task :app:desugarDebugFileDependencies UP-TO-DATE
> Task :app:mergeExtDexDebug UP-TO-DATE
> Task :app:mergeLibDexDebug UP-TO-DATE
> Task :app:mergeDebugJniLibFolders UP-TO-DATE
> Task :app:mergeDebugNativeLibs NO-SOURCE
> Task :app:stripDebugDebugSymbols NO-SOURCE
> Task :app:validateSigningDebug UP-TO-DATE
> Task :app:writeDebugAppMetadata UP-TO-DATE
> Task :app:writeDebugSigningConfigVersions UP-TO-DATE
> Task :app:processDebugManifestForPackage
> Task :app:processDebugResources

> Task :app:compileDebugKotlin
w: file:///C:/Users/SamuelXD/Desktop/MEUS_PROJETOS/PAR_OU_IMPAR_DECODER_MOBILE/app/src/main/java/com/deriv/parimpar/TradingEngine.kt:20:9 This declaration needs opt-in. Its usage should be marked with '@kotlinx.serialization.ExperimentalSerializationApi' or '@OptIn(kotlinx.serialization.ExperimentalSerializationApi::class)'
w: file:///C:/Users/SamuelXD/Desktop/MEUS_PROJETOS/PAR_OU_IMPAR_DECODER_MOBILE/app/src/main/java/com/deriv/parimpar/TradingEngine.kt:303:41 Parameter 'client' is never used
w: file:///C:/Users/SamuelXD/Desktop/MEUS_PROJETOS/PAR_OU_IMPAR_DECODER_MOBILE/app/src/main/java/com/deriv/parimpar/TradingEngine.kt:313:36 Parameter 'client' is never used
w: file:///C:/Users/SamuelXD/Desktop/MEUS_PROJETOS/PAR_OU_IMPAR_DECODER_MOBILE/app/src/main/java/com/deriv/parimpar/TradingEngine.kt:337:45 Parameter 'account' is never used
w: file:///C:/Users/SamuelXD/Desktop/MEUS_PROJETOS/PAR_OU_IMPAR_DECODER_MOBILE/app/src/main/java/com/deriv/parimpar/ui/MainScreen.kt:28:9 Variable 'statusText' is never used

> Task :app:compileDebugJavaWithJavac NO-SOURCE
> Task :app:processDebugJavaRes UP-TO-DATE
> Task :app:mergeDebugJavaResource UP-TO-DATE
> Task :app:dexBuilderDebug
> Task :app:mergeProjectDexDebug
> Task :app:packageDebug
> Task :app:createDebugApkListingFileRedirect
> Task :app:assembleDebug

[Incubating] Problems report is available at: file:///C:/Users/SamuelXD/Desktop/MEUS_PROJETOS/PAR_OU_IMPAR_DECODER_MOBILE/build/reports/problems/problems-report.html

Deprecated Gradle features were used in this build, making it incompatible with Gradle 10.0.

You can use '--warning-mode all' to show the individual deprecation warnings and determine if they come from your own scripts or plugins.

For more on this, please refer to https://docs.gradle.org/9.0-milestone-1/userguide/command_line_interface.html#sec:command_line_warnings in the Gradle documentation.

BUILD SUCCESSFUL in 10s
31 actionable tasks: 9 executed, 22 up-to-date
